
==== # setup: a has two parallel KNOWS to b, one to c; b KNOWS c; c has a WORKS_FOR to x; multi-label node m

>> CREATE (a:Person {id: 'a', name: 'Ann'}), (b:Person {id: 'b'}), (c:Person:Employee {id: 'c', name: 'Cy'}), (x:Company {id: 'x'}), (m:Employee {id: 'm'}), (a)-[:KNOWS {w: 1}]->(b), (a)-[:KNOWS {w: 2}]->(b), (a)-[:KNOWS]->(c), (b)-[:KNOWS]->(c), (c)-[:WORKS_FOR]->(x)
Labels added: 6
Nodes created: 5
Properties set: 9
Relationships created: 5

==== # 1.5 subqueries (expected unsupported)

>> MATCH (n:Person) WHERE EXISTS { MATCH (n)-[:KNOWS]->() } RETURN n.id
errMsg: Invalid input '(': expected ':', ',' or '}' line: 1, column: 39, offset: 38 errCtx: MATCH (n:Person) WHERE EXISTS { MATCH (n)-[:KNOWS]->() } RETURN n.id errCtxOffset: 38


>> MATCH (n:Person) RETURN n.id, COUNT { MATCH (n)-[:KNOWS]->() }
errMsg: Invalid input '(': expected ':', ',' or '}' line: 1, column: 45, offset: 44 errCtx: MATCH (n:Person) RETURN n.id, COUNT { MATCH (n)-[:KNOWS]->() } errCtxOffset: 44


==== # 1.5 pattern predicates

>> MATCH (n:Person) WHERE (n)-[:KNOWS]->() RETURN n.id ORDER BY n.id
n.id
a
b

>> MATCH (n:Person) WHERE NOT (n)-[:KNOWS]->() RETURN n.id ORDER BY n.id
n.id
c

>> MATCH (n:Person) WHERE (n)-[:KNOWS]->(:Employee) OR (n)<-[:KNOWS]-() RETURN n.id ORDER BY n.id
n.id
a
b
c

>> MATCH (n:Person) RETURN n.id, CASE WHEN (n)-[:KNOWS]->() THEN 1 ELSE 0 END ORDER BY n.id
n.id
CASE WHEN (n)-[:KNOWS]->() THEN 1 ELSE 0 END
a
1
b
1
c
1

==== # 1.5 pattern comprehensions

>> MATCH (n:Person) RETURN n.id, [(n)-[:KNOWS]->(y) | y.id] ORDER BY n.id
n.id
[(n)-[:KNOWS]->(y) | y.id]
a
[b, b, c]
b
[c]
c
[]

>> MATCH (n:Person) RETURN n.id, [(n)-[:KNOWS]->(y) WHERE y.name IS NOT NULL | y.id] ORDER BY n.id
n.id
[(n)-[:KNOWS]->(y) WHERE y.name IS NOT NULL | y.id]
a
[c]
b
[c]
c
[]

>> MATCH (n:Person) RETURN n.id, [(n)-[r:KNOWS]->(y) | id(r)] ORDER BY n.id
n.id
[(n)-[r:KNOWS]->(y) | id(r)]
a
[1, 0, 2]
b
[3]
c
[]

>> MATCH (n:Person) RETURN n.id, size([(n)-[:KNOWS]->(y) | y]), size([(n)-[r:KNOWS]->(y) | r]) ORDER BY n.id
n.id
size([(n)-[:KNOWS]->(y) | y])
size([(n)-[r:KNOWS]->(y) | r])
a
3
0
b
1
0
c
0
0

>> MATCH (n:Person) RETURN n.id, [(n)-[:KNOWS]->()-[:WORKS_FOR]->(z) | z.id] ORDER BY n.id
n.id
[(n)-[:KNOWS]->()-[:WORKS_FOR]->(z) | z.id]
a
[x]
b
[x]
c
[]

>> MATCH (n:Person) RETURN n.id, [(n)-[:KNOWS*1..3]->(y) | y.id] ORDER BY n.id
n.id
[(n)-[:KNOWS*1..3]->(y) | y.id]
a
[c, b, c, b, c]
b
[c]
c
[]

>> MATCH (n:Person) RETURN n.id, [(n)-[:KNOWS*0..2]->(y) | y.id] ORDER BY n.id
n.id
[(n)-[:KNOWS*0..2]->(y) | y.id]
a
[a, c, b, c, b, c]
b
[b, c]
c
[c]

>> MATCH (n:Person) RETURN n.id, [(n)-[:KNOWS|WORKS_FOR]->(y) | y.id] ORDER BY n.id
n.id
[(n)-[:KNOWS|WORKS_FOR]->(y) | y.id]
a
[b, b, c]
b
[c]
c
[x]

>> MATCH (n:Person) RETURN n.id, [(n)<-[:KNOWS]-(y) | y.id] ORDER BY n.id
n.id
[(n)<-[:KNOWS]-(y) | y.id]
a
[]
b
[a, a]
c
[a, b]

>> MATCH (n:Person) WHERE any(y IN [(n)-[:KNOWS]->(y) | y] WHERE y.name = 'Cy') RETURN n.id ORDER BY n.id
Unable to resolve filtered alias '[(n)-[:KNOWS]->(y) | y]'


>> MATCH (n:Person) WHERE all(y IN [(n)-[:KNOWS]->(y) | y] WHERE size([(y)-[:KNOWS]->(z) | z]) > 0) RETURN n.id ORDER BY n.id
Unable to resolve filtered alias '[(n)-[:KNOWS]->(y) | y]'


>> MATCH (n:Person) WHERE any(y IN [(n)-[:KNOWS]->(y) | y] WHERE any(z IN [(y)-[:KNOWS]->(z) | z] WHERE any(w IN [(z)-[:WORKS_FOR]->(w) | w] WHERE w.id = 'x'))) RETURN n.id ORDER BY n.id
Unable to resolve filtered alias '[(n)-[:KNOWS]->(y) | y]'


>> MATCH (n:Person) RETURN n.id, reduce(acc = [], i IN [(n)-[:KNOWS]->(y) | id(y)] | CASE WHEN i IN acc THEN acc ELSE acc + [i] END) ORDER BY n.id
n.id
reduce(acc = [], i IN [(n)-[:KNOWS]->(y) | id(y)] | CASE WHEN i IN acc THEN acc ELSE acc + [i] END)
a
[1, 2]
b
[2]
c
[]

>> MATCH (n:Person) RETURN n.id, size(reduce(acc = [], i IN [(n)-[:KNOWS*1..3]->(y) | id(y)] | CASE WHEN i IN acc THEN acc ELSE acc + [i] END)) ORDER BY n.id
n.id
size(reduce(acc = [], i IN [(n)-[:KNOWS*1..3]->(y) | id(y)] | CASE WHEN i IN acc THEN acc ELSE acc + [i] END))
a
2
b
1
c
0

>> MATCH (n:Person) RETURN n.id, [x IN [1, null, 2] WHERE x IS NOT NULL | x * 2], reduce(s = 0, x IN [1, 2] | s + x) ORDER BY n.id
n.id
[x IN [1, null, 2] WHERE x IS NOT NULL | x * 2]
reduce(s = 0, x IN [1, 2] | s + x)
a
[2, 4]
3
b
[2, 4]
3
c
[2, 4]
3

>> MATCH (n:Person) RETURN n.id, [(n)-[:KNOWS]->(y) | [(y)-[:KNOWS]->(z) | z.id]] ORDER BY n.id
n.id
[(n)-[:KNOWS]->(y) | [(y)-[:KNOWS]->(z) | z.id]]
a
[[c], [c], []]
b
[[]]
c
[]

>> MATCH (n:Person) RETURN n.id, [(n)-[:KNOWS]->(y) | count(y)] ORDER BY n.id
Invalid use of aggregating function 'count'


==== # 1.7 parallel relationships in MATCH with and without a referenced relationship variable

>> MATCH (n:Person {id: 'a'})-[:KNOWS]->(y) RETURN y.id ORDER BY y.id
y.id
b
c

>> MATCH (n:Person {id: 'a'})-[r:KNOWS]->(y) RETURN y.id ORDER BY y.id
y.id
b
c

>> MATCH (n:Person {id: 'a'})-[r:KNOWS]->(y) WHERE id(r) >= 0 RETURN y.id ORDER BY y.id
y.id
b
b
c

>> MATCH (n:Person {id: 'a'})-[:KNOWS]->(y) RETURN count(y), count(DISTINCT y)
count(y)
count(DISTINCT y)
2
2

>> MATCH (s)-[v0:KNOWS]->(e) RETURN s.id, e.id, v0.w ORDER BY s.id, e.id
s.id
e.id
v0.w
a
b
2
a
b
1
a
c

b
c


>> MATCH (s)-[v0:KNOWS]->(e) RETURN count(*)
count(*)
3

==== # label unions and multi-labels

>> MATCH (n:Person|Employee) RETURN n.id
errMsg: Invalid input '|': expected a label, '{', a parameter or ')' line: 1, column: 16, offset: 15 errCtx: MATCH (n:Person|Employee) RETURN n.id errCtxOffset: 15


>> MATCH (n) WHERE n:Person OR n:Employee RETURN n.id ORDER BY n.id
n.id
a
b
c
m

>> MATCH (n:Person:Employee) RETURN n.id
n.id
c

>> MATCH (n) WHERE n:Nope RETURN n.id
n.id


>> MATCH (n:Nope) RETURN n.id
n.id


>> RETURN labels(null)
labels(null)


==== # CALL subqueries and UNION

>> MATCH (n:Person) CALL { WITH n MATCH (n)-[:KNOWS]->(y) RETURN y.id AS v UNION WITH n MATCH (n)<-[:KNOWS]-(y) RETURN y.id AS v } RETURN n.id, v ORDER BY n.id, v
n.id
v
a
b
a
c
b
a
b
c
c
a
c
b

>> MATCH (n:Person) CALL { WITH n UNWIND [n.name] AS v RETURN v UNION ALL WITH n MATCH (n)-[:KNOWS]->(y) RETURN y.name AS v } WITH n, v WHERE v IS NOT NULL RETURN n.id, v ORDER BY n.id, v
n.id
v
a
Ann
a
Cy
b
Cy
c
Cy

>> MATCH (n:Person) CALL { WITH n RETURN 1 AS one } RETURN n.id, one ORDER BY n.id
n.id
one
a
1
b
1
c
1

==== # value normalization and unwind

>> RETURN [x IN CASE typeOf([1, 2]) WHEN 'Null' THEN [] WHEN 'List' THEN [1, 2] ELSE [[1, 2]] END | x]
[x IN CASE typeOf([1, 2]) WHEN 'Null' THEN [] WHEN 'List' THEN [1, 2] ELSE [[1, 2]] END | x]
[1, 2]

>> UNWIND null AS v RETURN v
v


>> UNWIND 5 AS v RETURN v
v
5

>> MATCH (n:Person) UNWIND CASE typeOf(n.name) WHEN 'Null' THEN [] WHEN 'List' THEN n.name ELSE [n.name] END AS v RETURN n.id, v ORDER BY n.id
n.id
v
a
Ann
c
Cy

==== # zero-row aggregates, collect slicing, maps with nulls, message replace

>> MATCH (n:Nope) RETURN count(n), collect(n)
count(n)
collect(n)
0
[]

>> MATCH (n:Person) RETURN collect(n.id)[0..2], collect(n.id)[0..0]
collect(n.id)[0..2]
collect(n.id)[0..0]
[a, b]
[]

>> MATCH (n:Person) WITH collect({id: n.id, name: n.name}) AS rows RETURN rows[0..10]
rows[0..10]
[{id: a, name: Ann}, {id: b, name: NULL}, {id: c, name: Cy}]

>> RETURN {a: null, b: 1}, replace('Hi {$this}', '{$this}', toString(5)), toString(1.5), toString(true), toString(id(null))
{a: null, b: 1}
replace('Hi {$this}', '{$this}', toString(5))
toString(1.5)
toString(true)
toString(id(null))
{a: NULL, b: 1}
Hi 5
1.500000
true


>> MATCH (n:Person {id: 'a'}) RETURN toString(id(n)), properties(n), keys(n)
toString(id(n))
properties(n)
keys(n)
0
{id: a, name: Ann}
[id, name]

>> MATCH (s)-[v0:KNOWS]->(e) RETURN type(v0), toString(id(v0)), startNode(v0).id, endNode(v0).id LIMIT 1
type(v0)
toString(id(v0))
startNode(v0).id
endNode(v0).id
KNOWS
1
a
b

==== # parameters and LIMIT

>> CYPHER limit=2 MATCH (n:Person) RETURN n.id ORDER BY n.id LIMIT $limit
n.id
a
b

>> CYPHER limit=9223372036854775807 MATCH (n:Person) RETURN n.id ORDER BY n.id LIMIT $limit
n.id
a
b
c

>> CYPHER limit=null MATCH (n:Person) RETURN n.id ORDER BY n.id LIMIT coalesce($limit, 9223372036854775807)
LIMIT specified value of invalid type, must be a positive integer


>> CYPHER sampleSize=2 MATCH (n:Person) RETURN collect(n.id)[0..$sampleSize]
collect(n.id)[0..$sampleSize]
[a, b]

>> MATCH (n:Person) RETURN n.id LIMIT 9223372036854775807
n.id
a
b
c

==== # variable-length depth limits

>> MATCH (n:Person {id: 'a'}) RETURN size([(n)-[:KNOWS*1..30]->(y) | y])
size([(n)-[:KNOWS*1..30]->(y) | y])
5

>> MATCH (n:Person {id: 'a'}) RETURN size([(n)-[:KNOWS*1..1000]->(y) | y])
size([(n)-[:KNOWS*1..1000]->(y) | y])
5

>> MATCH (n:Person {id: 'a'}) RETURN size([(n)-[:KNOWS*0..0]->(y) | y])
size([(n)-[:KNOWS*0..0]->(y) | y])
1

==== # closed-shape helpers

>> MATCH (n:Person {id: 'a'}) RETURN [k IN keys(n) WHERE NOT k IN ['id']], [(n)-[r]->() WHERE NOT type(r) IN ['X'] | type(r)]
[k IN keys(n) WHERE NOT k IN ['id']]
[(n)-[r]->() WHERE NOT type(r) IN ['X'] | type(r)]
[name]
[KNOWS, KNOWS, KNOWS]

==== # 1.7 RO_QUERY: write refusal, missing graph, timeouts, config

>> GRAPH.RO_QUERY probe2 "CREATE (:W)"
graph.RO_QUERY is to be executed only on read-only queries


>> GRAPH.RO_QUERY probe2 "MATCH (n) SET n.x = 1"
graph.RO_QUERY is to be executed only on read-only queries


>> GRAPH.RO_QUERY missing_graph_s2c "RETURN 1"
ERR Invalid graph operation on empty key


>> GRAPH.QUERY missing_graph_s2c2 "MATCH (n) RETURN n"
n


>> GRAPH.LIST
smoke
probe
probe2
missing_graph_s2c2

>> GRAPH.RO_QUERY probe2 "UNWIND range(1, 50000000) AS x WITH x WHERE x % 7 = 0 RETURN count(x)" TIMEOUT 50
Query timed out


>> GRAPH.RO_QUERY probe2 "UNWIND range(1, 50000000) AS x WITH x WHERE x % 7 = 0 RETURN count(x)"
Query timed out


>> GRAPH.CONFIG GET TIMEOUT_MAX
TIMEOUT_MAX
0

>> GRAPH.CONFIG GET TIMEOUT_DEFAULT
TIMEOUT_DEFAULT
0

>> GRAPH.CONFIG GET TIMEOUT
TIMEOUT
1000

>> GRAPH.RO_QUERY probe2 "MATCH (n) RETURN n.id ORDER BY n.id" TIMEOUT 0
n.id
a
b
c
m
x

>> GRAPH.RO_QUERY probe2 "RETURN db.labels()"
Unknown function 'db.labels'


>> GRAPH.RO_QUERY probe2 "CALL db.labels() YIELD label RETURN label ORDER BY label"
label
Company
Employee
Person

>> GRAPH.RO_QUERY probe2 "CALL db.relationshipTypes() YIELD relationshipType RETURN relationshipType ORDER BY relationshipType"
relationshipType
KNOWS
WORKS_FOR

>> GRAPH.RO_QUERY probe2 "MATCH (a)-[r]->(b) RETURN DISTINCT labels(a), type(r), labels(b)"
labels(a)
type(r)
labels(b)
[Person]
KNOWS
[Person]
[Person]
KNOWS
[Person, Employee]
[Person, Employee]
WORKS_FOR
[Company]

>> GRAPH.RO_QUERY probe2 "MATCH ()-[r]->() UNWIND keys(r) AS k RETURN type(r), k, collect(DISTINCT typeOf(r[k]))"
type(r)
k
collect(DISTINCT typeOf(r[k]))
KNOWS
w
[Integer]
