
==== # astral literals and U+10FFFF

>> RETURN string.matchRegEx('😀', '[𐀀-􏿿]'), string.matchRegEx('a', '[𐀀-􏿿]'), string.matchRegEx('𐀀', '^[\\u0000-\\uFFFF𐀀-􏿿]$')
string.matchRegEx('😀', '[𐀀-􏿿]')
string.matchRegEx('a', '[𐀀-􏿿]')
string.matchRegEx('𐀀', '^[\\u0000-\\uFFFF𐀀-􏿿]$')
[[😀]]
[]
[[𐀀]]

>> RETURN string.matchRegEx('x', '[^\\u0000-\\uFFFF𐀀-􏿿]'), string.matchRegEx('😀', '[^\\u0000-\\uFFFF𐀀-􏿿]')
string.matchRegEx('x', '[^\\u0000-\\uFFFF𐀀-􏿿]')
string.matchRegEx('😀', '[^\\u0000-\\uFFFF𐀀-􏿿]')
[]
[]

>> RETURN string.matchRegEx('x', '(?!)'), string.matchRegEx('x', 'a(?!)|x')
string.matchRegEx('x', '(?!)')
string.matchRegEx('x', 'a(?!)|x')
[]
[[x]]

>> RETURN string.matchRegEx('😀', '[\\uFFFF-😀]'), string.matchRegEx('\uFFFE', '[\\uFFFF-😀]')
string.matchRegEx('😀', '[\\uFFFF-😀]')
string.matchRegEx('\uFFFE', '[\\uFFFF-😀]')
[[😀]]
[]

==== # XML name start class (from xsd_regex NAME_START) in FalkorDB syntax

>> RETURN string.matchRegEx('é', '^[:A-Z_a-z\\u00C0-\\u00D6\\u00D8-\\u00F6\\u00F8-\\u02FF\\u0370-\\u037D\\u037F-\\u1FFF\\u200C-\\u200D\\u2070-\\u218F\\u2C00-\\u2FEF\\u3001-\\uD7FF\\uF900-\\uFDCF\\uFDF0-\\uFFFD𐀀-󯿿]+$'), string.matchRegEx('1a', '^[:A-Z_a-z]')
string.matchRegEx('é', '^[:A-Z_a-z\\u00C0-\\u00D6\\u00D8-\\u00F6\\u00F8-\\u02FF\\u0370-\\u037D\\u037F-\\u1FFF\\u200C-\\u200D\\u2070-\\u218F\\u2C00-\\u2FEF\\u3001-\\uD7FF\\uF900-\\uFDCF\\uFDF0-\\uFFFD𐀀-󯿿]+$')
string.matchRegEx('1a', '^[:A-Z_a-z]')
[[é]]
[]

==== # substring search without wrapper, anchors and flags

>> RETURN string.matchRegEx('xyz', 'y'), string.matchRegEx('xyz', '^y'), string.matchRegEx('x\nyz', '^y'), string.matchRegEx('x\nyz', '(?m)^y')
string.matchRegEx('xyz', 'y')
string.matchRegEx('xyz', '^y')
string.matchRegEx('x\nyz', '^y')
string.matchRegEx('x\nyz', '(?m)^y')
[[y]]
[]
[]
[[y]]

>> RETURN string.matchRegEx('X', '(?i)[a-z]'), string.matchRegEx('É', '(?i)é'), string.matchRegEx('ǅ', '(?i)ǆ'), string.matchRegEx('K', '(?i)k')
string.matchRegEx('X', '(?i)[a-z]')
string.matchRegEx('É', '(?i)é')
string.matchRegEx('ǅ', '(?i)ǆ')
string.matchRegEx('K', '(?i)k')
[[X]]
[[É]]
[[ǅ]]
[[K]]

>> RETURN string.matchRegEx('ab', '(?s)(?s:.*)(?:b)(?s:.*)'), string.matchRegEx('', '(?:)'), string.matchRegEx('', 'a*')
string.matchRegEx('ab', '(?s)(?s:.*)(?:b)(?s:.*)')
string.matchRegEx('', '(?:)')
string.matchRegEx('', 'a*')
[[ab]]
[[]]
[[]]

>> RETURN size(string.matchRegEx('aaaa', 'a')), size(string.matchRegEx('aaaa', 'a')) > 0
size(string.matchRegEx('aaaa', 'a'))
size(string.matchRegEx('aaaa', 'a')) > 0
4
true

==== # code point escapes in quantifier and class context

>> RETURN string.matchRegEx('AA', '\\u0041{2}'), string.matchRegEx('-', '[\\u002D]'), string.matchRegEx(']', '[\\u005D]'), string.matchRegEx('^', '[\\u005E]'), string.matchRegEx('\\', '[\\u005C]')
string.matchRegEx('AA', '\\u0041{2}')
string.matchRegEx('-', '[\\u002D]')
string.matchRegEx(']', '[\\u005D]')
string.matchRegEx('^', '[\\u005E]')
string.matchRegEx('\\', '[\\u005C]')
[[AA]]
[[-]]
[[]]]
[[^]]
[[\]]

>> RETURN string.matchRegEx('a', '[\\u0061-\\u0060]')
Invalid regex, err=empty range in char class

